---
source: protox-parse/src/tests.rs
expression: "parse(r#\"message Message {\n        optional int32 field = 1 [json_name = '$FIELD'];\n    }\"#)"
---
Ok(
    FileDescriptorProto {
        name: None,
        package: None,
        dependency: [],
        public_dependency: [],
        weak_dependency: [],
        message_type: [
            DescriptorProto {
                name: Some(
                    "Message",
                ),
                field: [
                    FieldDescriptorProto {
                        name: Some(
                            "field",
                        ),
                        number: Some(
                            1,
                        ),
                        label: Some(
                            Optional,
                        ),
                        r#type: Some(
                            Int32,
                        ),
                        type_name: None,
                        extendee: None,
                        default_value: None,
                        oneof_index: None,
                        json_name: Some(
                            "$FIELD",
                        ),
                        options: None,
                        proto3_optional: None,
                    },
                ],
                extension: [],
                nested_type: [],
                enum_type: [],
                extension_range: [],
                oneof_decl: [],
                options: None,
                reserved_range: [],
                reserved_name: [],
            },
        ],
        enum_type: [],
        service: [],
        extension: [],
        options: None,
        source_code_info: Some(
            SourceCodeInfo {
                location: [
                    Location {
                        path: [],
                        span: [
                            0,
                            0,
                            2,
                            5,
                        ],
                        leading_comments: None,
                        trailing_comments: None,
                        leading_detached_comments: [],
                    },
                    Location {
                        path: [
                            4,
                            0,
                        ],
                        span: [
                            0,
                            0,
                            2,
                            5,
                        ],
                        leading_comments: None,
                        trailing_comments: None,
                        leading_detached_comments: [],
                    },
                    Location {
                        path: [
                            4,
                            0,
                            1,
                        ],
                        span: [
                            0,
                            8,
                            15,
                        ],
                        leading_comments: None,
                        trailing_comments: None,
                        leading_detached_comments: [],
                    },
                    Location {
                        path: [
                            4,
                            0,
                            2,
                            0,
                        ],
                        span: [
                            1,
                            8,
                            56,
                        ],
                        leading_comments: None,
                        trailing_comments: None,
                        leading_detached_comments: [],
                    },
                    Location {
                        path: [
                            4,
                            0,
                            2,
                            0,
                            1,
                        ],
                        span: [
                            1,
                            23,
                            28,
                        ],
                        leading_comments: None,
                        trailing_comments: None,
                        leading_detached_comments: [],
                    },
                    Location {
                        path: [
                            4,
                            0,
                            2,
                            0,
                            3,
                        ],
                        span: [
                            1,
                            31,
                            32,
                        ],
                        leading_comments: None,
                        trailing_comments: None,
                        leading_detached_comments: [],
                    },
                    Location {
                        path: [
                            4,
                            0,
                            2,
                            0,
                            4,
                        ],
                        span: [
                            1,
                            8,
                            16,
                        ],
                        leading_comments: None,
                        trailing_comments: None,
                        leading_detached_comments: [],
                    },
                    Location {
                        path: [
                            4,
                            0,
                            2,
                            0,
                            5,
                        ],
                        span: [
                            1,
                            17,
                            22,
                        ],
                        leading_comments: None,
                        trailing_comments: None,
                        leading_detached_comments: [],
                    },
                    Location {
                        path: [
                            4,
                            0,
                            2,
                            0,
                            8,
                        ],
                        span: [
                            1,
                            33,
                            55,
                        ],
                        leading_comments: None,
                        trailing_comments: None,
                        leading_detached_comments: [],
                    },
                    Location {
                        path: [
                            4,
                            0,
                            2,
                            0,
                            10,
                        ],
                        span: [
                            1,
                            34,
                            54,
                        ],
                        leading_comments: None,
                        trailing_comments: None,
                        leading_detached_comments: [],
                    },
                    Location {
                        path: [
                            4,
                            0,
                            2,
                            0,
                            10,
                        ],
                        span: [
                            1,
                            46,
                            54,
                        ],
                        leading_comments: None,
                        trailing_comments: None,
                        leading_detached_comments: [],
                    },
                ],
            },
        ),
        syntax: None,
    },
)
