---
source: protox-parse/src/tests.rs
expression: "parse(\"\")"
---
Ok(
    FileDescriptorProto {
        name: Some(
            "test.proto",
        ),
        package: None,
        dependency: [],
        public_dependency: [],
        weak_dependency: [],
        message_type: [],
        enum_type: [],
        service: [],
        extension: [],
        options: None,
        source_code_info: Some(
            SourceCodeInfo {
                location: [
                    Location {
                        path: [],
                        span: [
                            0,
                            0,
                            0,
                        ],
                        leading_comments: None,
                        trailing_comments: None,
                        leading_detached_comments: [],
                    },
                ],
            },
        ),
        syntax: None,
    },
)
