---
source: src/parse/tests.rs
expression: "match parser.parse_option() {\n    Ok(value) => Ok(value),\n    Err(()) => Err(parser.lexer.extras.errors),\n}"
---
Ok(
    Option {
        body: OptionBody {
            name: FullIdent {
                parts: [
                    Ident {
                        value: "foo",
                        span: 8..11,
                    },
                ],
            },
            field_name: Some(
                FullIdent {
                    parts: [
                        Ident {
                            value: "bar",
                            span: 13..16,
                        },
                    ],
                },
            ),
            value: Bool(
                Bool {
                    value: true,
                    span: 19..23,
                },
            ),
        },
        comments: Comments {
            leading_detached_comments: [],
            leading_comment: None,
            trailing_comment: None,
        },
        span: 0..24,
    },
)
