---
source: src/parse/tests.rs
expression: "match parser.parse_field() {\n    Ok(value) => Ok(value),\n    Err(()) => Err(parser.lexer.extras.errors),\n}"
---
Err(
    [
        UnexpectedToken {
            expected: "'<'",
            found: RightAngleBracket,
            span: 3..4,
        },
    ],
)
