---
source: src/parse/tests.rs
expression: "match parser.parse_import() {\n    Ok(value) => Ok(value),\n    Err(()) => Err(parser.lexer.extras.errors),\n}"
---
Err(
    [
        UnexpectedToken {
            expected: "a string literal",
            found: Semicolon,
            span: 14..15,
        },
    ],
)
