---
source: src/parse/tests.rs
expression: "if parser.lexer.extras.errors.is_empty() {\n        Ok(result.unwrap())\n    } else { Err(parser.lexer.extras.errors) }"
---
Err(
    [
        UnexpectedToken {
            expected: "a constant",
            found: Equals,
            span: 13..14,
        },
    ],
)
