---
source: src/parse/tests.rs
expression: "if parser.lexer.extras.errors.is_empty() {\n        Ok(result.unwrap())\n    } else { Err(parser.lexer.extras.errors) }"
---
Ok(
    Option {
        body: OptionBody {
            name: [
                Ident(
                    Ident {
                        value: "foo",
                        span: 32..35,
                    },
                ),
            ],
            value: Int(
                Int {
                    negative: false,
                    value: 5,
                    span: 38..39,
                },
            ),
        },
        comments: Comments {
            leading_detached_comments: [
                "detached\n",
            ],
            leading_comment: Some(
                "leading",
            ),
            trailing_comment: Some(
                "trailing",
            ),
        },
        span: 25..40,
    },
)
