---
source: src/parse/tests.rs
expression: "match parser.parse_service() {\n    Ok(value) => Ok(value),\n    Err(()) => Err(parser.lexer.extras.errors),\n}"
---
Ok(
    Service {
        name: Ident {
            value: "service",
            span: 8..15,
        },
        options: [],
        methods: [],
        comments: Comments {
            leading_detached_comments: [],
            leading_comment: None,
            trailing_comment: None,
        },
        span: 0..19,
    },
)
