---
source: src/parse/tests.rs
expression: "match parser.parse_reserved() {\n    Ok(value) => Ok(value),\n    Err(()) => Err(parser.lexer.extras.errors),\n}"
---
Ok(
    Reserved {
        kind: Ranges(
            [
                ReservedRange {
                    start: Int {
                        negative: true,
                        value: 1,
                        span: 9..11,
                    },
                    end: None,
                },
            ],
        ),
        comments: Comments {
            leading_detached_comments: [],
            leading_comment: None,
            trailing_comment: None,
        },
        span: 0..12,
    },
)
