---
source: src/parse/tests.rs
expression: "match parser.parse_enum() {\n    Ok(value) => Ok(value),\n    Err(()) => Err(parser.lexer.extras.errors),\n}"
---
Err(
    [
        UnexpectedToken {
            expected: "an identifier",
            found: IntLiteral(
                3,
            ),
            span: 5..6,
        },
    ],
)
