---
source: src/parse/tests.rs
expression: "match parser.parse_file() {\n    Ok(value) => Ok(value),\n    Err(()) => Err(parser.lexer.extras.errors),\n}"
---
Ok(
    File {
        span: 0..68,
        syntax: Proto2,
        syntax_span: Some(
            (
                0..18,
                Comments {
                    leading_detached_comments: [],
                    leading_comment: None,
                    trailing_comment: None,
                },
            ),
        ),
        package: None,
        imports: [],
        options: [],
        items: [
            Enum(
                Enum {
                    name: Ident {
                        value: "Bar",
                        span: 59..62,
                    },
                    options: [],
                    values: [],
                    reserved: [],
                    comments: Comments {
                        leading_detached_comments: [],
                        leading_comment: None,
                        trailing_comment: None,
                    },
                    span: 54..68,
                },
            ),
        ],
    },
)
