---
source: src/parse/tests.rs
expression: "match parser.parse_option() {\n    Ok(value) => Ok(value),\n    Err(()) => Err(parser.lexer.extras.errors),\n}"
---
Err(
    [
        UnexpectedToken {
            expected: "an identifier",
            found: RightBracket,
            span: 11..12,
        },
    ],
)
