---
source: src/parse/tests.rs
expression: "match parser.parse_field() {\n    Ok(value) => Ok(value),\n    Err(()) => Err(parser.lexer.extras.errors),\n}"
---
Ok(
    Field {
        label: None,
        name: Ident {
            value: "projects",
            span: 30..38,
        },
        kind: Map {
            ty_span: 14..29,
            key_ty: String,
            key_ty_span: 15..21,
            value_ty: Int32,
            value_ty_span: 23..28,
        },
        number: Int {
            negative: false,
            value: 3,
            span: 41..42,
        },
        options: [],
        comments: Comments {
            leading_detached_comments: [],
            leading_comment: Some(
                "leading",
            ),
            trailing_comment: Some(
                "trailing",
            ),
        },
        span: 11..43,
    },
)
