---
source: src/parse/tests.rs
expression: "match parser.parse_service() {\n    Ok(value) => Ok(value),\n    Err(()) => Err(parser.lexer.extras.errors),\n}"
---
Err(
    [
        UnexpectedToken {
            expected: "'stream' or a type name",
            found: RightParen,
            span: 34..35,
        },
    ],
)
