---
source: src/parse/tests.rs
expression: parser.parse_message()
---
Ok(
    Message {
        name: Ident {
            value: "Foo",
            span: 8..11,
        },
        body: MessageBody {
            items: [
                Field(
                    Map(
                        Map {
                            label: Some(
                                (
                                    Repeated,
                                    14..22,
                                ),
                            ),
                            key_ty: Sint32,
                            key_ty_span: 27..33,
                            ty: Fixed64,
                            name: Ident {
                                value: "m",
                                span: 44..45,
                            },
                            number: Int {
                                negative: false,
                                value: 1,
                                span: 48..49,
                            },
                            options: [],
                            comments: Comments {
                                leading_detached_comments: [],
                                leading_comment: None,
                                trailing_comment: None,
                            },
                            span: 14..50,
                        },
                    ),
                ),
            ],
            extensions: [],
            options: [],
            reserved: [],
        },
        comments: Comments {
            leading_detached_comments: [],
            leading_comment: None,
            trailing_comment: None,
        },
        span: 0..52,
    },
)
