---
source: src/parse/tests.rs
expression: "if parser.lexer.extras.errors.is_empty() {\n        Ok(result.unwrap())\n    } else { Err(parser.lexer.extras.errors) }"
---
Ok(
    Message {
        fields: [
            Field {
                name: Ident(
                    Ident {
                        value: "pot",
                        span: 0..3,
                    },
                ),
                value: Message(
                    Message {
                        fields: [
                            Field {
                                name: Ident(
                                    Ident {
                                        value: "kind",
                                        span: 6..10,
                                    },
                                ),
                                value: Scalar(
                                    Ident {
                                        negative: false,
                                        ident: Ident {
                                            value: "TULIP",
                                            span: 12..17,
                                        },
                                        span: 12..17,
                                    },
                                ),
                                span: 6..17,
                            },
                            Field {
                                name: Ident(
                                    Ident {
                                        value: "name",
                                        span: 18..22,
                                    },
                                ),
                                value: Scalar(
                                    String(
                                        String {
                                            value: "Bob",
                                            span: 24..29,
                                        },
                                    ),
                                ),
                                span: 18..29,
                            },
                            Field {
                                name: Ident(
                                    Ident {
                                        value: "legs",
                                        span: 30..34,
                                    },
                                ),
                                value: Scalar(
                                    Int(
                                        Int {
                                            negative: false,
                                            value: 0,
                                            span: 36..37,
                                        },
                                    ),
                                ),
                                span: 30..37,
                            },
                        ],
                    },
                    4..39,
                ),
                span: 0..39,
            },
        ],
    },
)
