---
source: src/parse/tests.rs
expression: "match parser.parse_message() {\n    Ok(value) => Ok(value),\n    Err(()) => Err(parser.lexer.extras.errors),\n}"
---
Ok(
    Message {
        name: Ident {
            value: "Foo",
            span: 8..11,
        },
        body: MessageBody {
            items: [
                Field(
                    Field {
                        label: None,
                        name: Ident {
                            value: "Baz",
                            span: 20..23,
                        },
                        kind: Group {
                            body: MessageBody {
                                items: [],
                                extensions: [],
                                options: [],
                                reserved: [],
                            },
                        },
                        number: Int {
                            negative: false,
                            value: 1,
                            span: 26..27,
                        },
                        options: [],
                        comments: Comments {
                            leading_detached_comments: [],
                            leading_comment: None,
                            trailing_comment: None,
                        },
                        span: 14..30,
                    },
                ),
            ],
            extensions: [],
            options: [],
            reserved: [],
        },
        comments: Comments {
            leading_detached_comments: [],
            leading_comment: None,
            trailing_comment: None,
        },
        span: 0..32,
    },
)
