---
source: src/parse/tests.rs
expression: "match parser.parse_message() {\n    Ok(value) => Ok(value),\n    Err(()) => Err(parser.lexer.extras.errors),\n}"
---
Ok(
    Message {
        name: Ident {
            value: "Foo",
            span: 30..33,
        },
        body: MessageBody {
            items: [],
            extensions: [],
            options: [],
            reserved: [],
        },
        comments: Comments {
            leading_detached_comments: [
                "detached\n",
            ],
            leading_comment: Some(
                "leading",
            ),
            trailing_comment: Some(
                "trailing",
            ),
        },
        span: 22..48,
    },
)
