---
source: src/parse/tests.rs
expression: "match parser.parse_service() {\n    Ok(value) => Ok(value),\n    Err(()) => Err(parser.lexer.extras.errors),\n}"
---
Err(
    [
        UnexpectedToken {
            expected: "an identifier",
            found: Semicolon,
            span: 8..9,
        },
    ],
)
