---
source: src/parse/tests.rs
expression: "match parser.parse_oneof() {\n    Ok(value) => Ok(value),\n    Err(()) => Err(parser.lexer.extras.errors),\n}"
---
Err(
    [
        UnexpectedToken {
            expected: "';' or '['",
            found: RightBrace,
            span: 24..25,
        },
    ],
)
