---
source: src/parse/tests.rs
expression: parser.parse_message()
---
Ok(
    Message {
        name: Ident {
            value: "Foo",
            span: 8..11,
        },
        body: MessageBody {
            items: [
                Field(
                    Field(
                        Field {
                            label: Some(
                                (
                                    Repeated,
                                    14..22,
                                ),
                            ),
                            name: Ident {
                                value: "service",
                                span: 27..34,
                            },
                            ty: Named(
                                TypeName {
                                    leading_dot: None,
                                    name: FullIdent {
                                        parts: [
                                            Ident {
                                                value: "Bar",
                                                span: 23..26,
                                            },
                                        ],
                                    },
                                },
                            ),
                            number: Int {
                                negative: false,
                                value: 2,
                                span: 37..38,
                            },
                            options: [],
                            comments: Comments {
                                leading_detached_comments: [],
                                leading_comment: None,
                                trailing_comment: None,
                            },
                            span: 14..39,
                        },
                    ),
                ),
            ],
            extensions: [],
            options: [],
            reserved: [],
        },
        comments: Comments {
            leading_detached_comments: [],
            leading_comment: None,
            trailing_comment: None,
        },
        span: 0..41,
    },
)
