---
source: src/parse/tests.rs
expression: "match parser.parse_reserved() {\n    Ok(value) => Ok(value),\n    Err(()) => Err(parser.lexer.extras.errors),\n}"
---
Ok(
    Reserved {
        kind: Names(
            [
                Ident {
                    value: "foo",
                    span: 9..14,
                },
                Ident {
                    value: "bar",
                    span: 16..21,
                },
            ],
        ),
        comments: Comments {
            leading_detached_comments: [],
            leading_comment: None,
            trailing_comment: None,
        },
        span: 0..22,
    },
)
