---
source: src/parse/tests.rs
expression: "if parser.lexer.extras.errors.is_empty() {\n        Ok(result.unwrap())\n    } else { Err(parser.lexer.extras.errors) }"
---
Err(
    [
        UnexpectedToken {
            expected: "an identifier",
            found: ",",
            span: 15..16,
        },
    ],
)
