---
source: src/parse/tests.rs
expression: "match parser.parse_enum() {\n    Ok(value) => Ok(value),\n    Err(()) => Err(parser.lexer.extras.errors),\n}"
---
Ok(
    Enum {
        name: Ident {
            value: "Foo",
            span: 5..8,
        },
        options: [],
        values: [],
        reserved: [],
        comments: Comments {
            leading_detached_comments: [],
            leading_comment: None,
            trailing_comment: None,
        },
        span: 0..11,
    },
)
