---
source: src/parse/tests.rs
expression: "match parser.parse_extend() {\n    Ok(value) => Ok(value),\n    Err(()) => Err(parser.lexer.extras.errors),\n}"
---
Ok(
    Extend {
        extendee: TypeName {
            leading_dot: None,
            name: FullIdent {
                parts: [
                    Ident {
                        value: "Foo",
                        span: 7..10,
                    },
                ],
            },
        },
        fields: [],
        comments: Comments {
            leading_detached_comments: [],
            leading_comment: None,
            trailing_comment: None,
        },
        span: 0..18,
    },
)
