---
source: src/parse/tests.rs
expression: "if parser.lexer.extras.errors.is_empty() {\n        Ok(result.unwrap())\n    } else { Err(parser.lexer.extras.errors) }"
---
Ok(
    Message {
        fields: [
            Field {
                name: Ident(
                    Ident {
                        value: "value",
                        span: 0..5,
                    },
                ),
                value: Message(
                    Message {
                        fields: [],
                    },
                    7..9,
                ),
                span: 0..9,
            },
            Field {
                name: Ident(
                    Ident {
                        value: "foo",
                        span: 10..13,
                    },
                ),
                value: Scalar(
                    Float(
                        Float {
                            value: 10.0,
                            span: 15..18,
                        },
                    ),
                ),
                span: 10..18,
            },
        ],
    },
)
