---
source: src/check/tests.rs
expression: "check_ok(\"\\\n        extend Bar { optional group Baz = 1 {} }\n\n        message Bar {\n            extensions 1;\n\n            map<int32, string> x = 5;\n\n            oneof foo {\n                group Quz = 3 {}\n            }\n\n            message Nest {}\n        }\")"
---
{
  "name": "root.proto",
  "messageType": [
    {
      "name": "Baz"
    },
    {
      "name": "Bar",
      "field": [
        {
          "name": "quz",
          "number": 3,
          "label": "LABEL_OPTIONAL",
          "type": "TYPE_GROUP",
          "typeName": ".Bar.Quz",
          "oneofIndex": 0,
          "jsonName": "quz"
        },
        {
          "name": "x",
          "number": 5,
          "label": "LABEL_REPEATED",
          "type": "TYPE_MESSAGE",
          "typeName": ".Bar.XEntry",
          "jsonName": "x"
        }
      ],
      "nestedType": [
        {
          "name": "Quz"
        },
        {
          "name": "XEntry",
          "field": [
            {
              "name": "key",
              "number": 1,
              "label": "LABEL_OPTIONAL",
              "type": "TYPE_INT32",
              "jsonName": "key"
            },
            {
              "name": "value",
              "number": 2,
              "label": "LABEL_OPTIONAL",
              "type": "TYPE_STRING",
              "jsonName": "value"
            }
          ],
          "options": {
            "mapEntry": true
          }
        },
        {
          "name": "Nest"
        }
      ],
      "extensionRange": [
        {
          "start": 1,
          "end": 2
        }
      ],
      "oneofDecl": [
        {
          "name": "foo"
        }
      ]
    }
  ],
  "extension": [
    {
      "name": "baz",
      "extendee": ".Bar",
      "number": 1,
      "label": "LABEL_OPTIONAL",
      "type": "TYPE_GROUP",
      "typeName": ".Baz",
      "jsonName": "baz"
    }
  ],
  "sourceCodeInfo": {
    "location": [
      {
        "span": [
          0,
          0,
          12,
          9
        ]
      },
      {
        "path": [
          7,
          0
        ],
        "span": [
          0,
          0,
          40
        ]
      },
      {
        "path": [
          7,
          0,
          0,
          2
        ],
        "span": [
          0,
          7,
          10
        ]
      },
      {
        "path": [
          4,
          0
        ],
        "span": [
          0,
          13,
          38
        ]
      },
      {
        "path": [
          7,
          0,
          0
        ],
        "span": [
          0,
          13,
          38
        ]
      },
      {
        "path": [
          7,
          0,
          0,
          4
        ],
        "span": [
          0,
          13,
          21
        ]
      },
      {
        "path": [
          7,
          0,
          0,
          5
        ],
        "span": [
          0,
          22,
          27
        ]
      },
      {
        "path": [
          4,
          0,
          1
        ],
        "span": [
          0,
          28,
          31
        ]
      },
      {
        "path": [
          7,
          0,
          0,
          1
        ],
        "span": [
          0,
          28,
          31
        ]
      },
      {
        "path": [
          7,
          0,
          0,
          6
        ],
        "span": [
          0,
          28,
          31
        ]
      },
      {
        "path": [
          7,
          0,
          0,
          3
        ],
        "span": [
          0,
          34,
          35
        ]
      },
      {
        "path": [
          4,
          1,
          1
        ],
        "span": [
          2,
          16,
          19
        ]
      },
      {
        "path": [
          4,
          1,
          5
        ],
        "span": [
          3,
          12,
          25
        ]
      },
      {
        "path": [
          4,
          1,
          5,
          0
        ],
        "span": [
          3,
          23,
          24
        ]
      },
      {
        "path": [
          4,
          1,
          5,
          0,
          1
        ],
        "span": [
          3,
          23,
          24
        ]
      },
      {
        "path": [
          4,
          1,
          5,
          0,
          2
        ],
        "span": [
          3,
          23,
          24
        ]
      },
      {
        "path": [
          4,
          1,
          2,
          1
        ],
        "span": [
          5,
          12,
          37
        ]
      },
      {
        "path": [
          4,
          1,
          2,
          1,
          6
        ],
        "span": [
          5,
          15,
          30
        ]
      },
      {
        "path": [
          4,
          1,
          2,
          1,
          1
        ],
        "span": [
          5,
          31,
          32
        ]
      },
      {
        "path": [
          4,
          1,
          2,
          1,
          3
        ],
        "span": [
          5,
          35,
          36
        ]
      },
      {
        "path": [
          4,
          1,
          8,
          0,
          1
        ],
        "span": [
          7,
          18,
          21
        ]
      },
      {
        "path": [
          4,
          1
        ],
        "span": [
          8,
          8,
          12,
          9
        ]
      },
      {
        "path": [
          4,
          1,
          2,
          0
        ],
        "span": [
          8,
          16,
          32
        ]
      },
      {
        "path": [
          4,
          1,
          2,
          0,
          5
        ],
        "span": [
          8,
          16,
          21
        ]
      },
      {
        "path": [
          4,
          1,
          3,
          0
        ],
        "span": [
          8,
          16,
          32
        ]
      },
      {
        "path": [
          4,
          1,
          2,
          0,
          1
        ],
        "span": [
          8,
          22,
          25
        ]
      },
      {
        "path": [
          4,
          1,
          2,
          0,
          6
        ],
        "span": [
          8,
          22,
          25
        ]
      },
      {
        "path": [
          4,
          1,
          3,
          0,
          1
        ],
        "span": [
          8,
          22,
          25
        ]
      },
      {
        "path": [
          4,
          1,
          2,
          0,
          3
        ],
        "span": [
          8,
          28,
          29
        ]
      },
      {
        "path": [
          4,
          1,
          3,
          2
        ],
        "span": [
          11,
          12,
          27
        ]
      },
      {
        "path": [
          4,
          1,
          3,
          2,
          1
        ],
        "span": [
          11,
          20,
          24
        ]
      },
      {
        "path": [
          4,
          1,
          8,
          0
        ],
        "span": [
          12,
          12,
          9,
          13
        ]
      }
    ]
  }
}
