---
source: src/check/tests.rs
expression: "check_ok(\"message Foo { optional int32 i = 1; }\")"
---
{
  "name": "root.proto",
  "messageType": [
    {
      "name": "Foo",
      "field": [
        {
          "name": "i",
          "number": 1,
          "label": "LABEL_OPTIONAL",
          "type": "TYPE_INT32",
          "jsonName": "i"
        }
      ]
    }
  ]
}
